[    2736ms] [INFO] %cDownload the React DevTools for a better development experience: https://react.dev/link/react-devtools font-weight:bold @ http://localhost:3099/_next/static/chunks/node_modules_next_dist_1ybzpk2._.js:2477
[    2843ms] [LOG] [HMR] connected @ http://localhost:3099/_next/static/chunks/node_modules_next_dist_1ybzpk2._.js:2477
[   10765ms] [WARNING] The resource http://localhost:3099/_next/static/chunks/%5Broot-of-the-server%5D__0m4pn8u._.css was preloaded using link preload but not used within a few seconds from the window's load event. Please make sure it has an appropriate `as` value and it is preloaded intentionally. @ http://localhost:3099/treasurer/events/32eae1d1-012e-4e6d-a197-a10d8a761d7f:0
[  108284ms] [LOG] [Fast Refresh] rebuilding @ http://localhost:3099/_next/static/chunks/node_modules_next_dist_1ybzpk2._.js:2477
[  108721ms] [LOG] [Fast Refresh] done in 520ms @ http://localhost:3099/_next/static/chunks/node_modules_next_dist_1ybzpk2._.js:2477
[  109058ms] [LOG] [Fast Refresh] rebuilding @ http://localhost:3099/_next/static/chunks/node_modules_next_dist_1ybzpk2._.js:2477
[  109639ms] [LOG] [Fast Refresh] done in 690ms @ http://localhost:3099/_next/static/chunks/node_modules_next_dist_1ybzpk2._.js:2477
[  112733ms] [WARNING] The resource http://localhost:3099/_next/static/chunks/%5Broot-of-the-server%5D__0m4pn8u._.css was preloaded using link preload but not used within a few seconds from the window's load event. Please make sure it has an appropriate `as` value and it is preloaded intentionally. @ http://localhost:3099/treasurer/events/32eae1d1-012e-4e6d-a197-a10d8a761d7f:0
[  129985ms] [LOG] [Fast Refresh] rebuilding @ http://localhost:3099/_next/static/chunks/node_modules_next_dist_1ybzpk2._.js:2477
[  130241ms] [LOG] [Fast Refresh] done in 359ms @ http://localhost:3099/_next/static/chunks/node_modules_next_dist_1ybzpk2._.js:2477
[  132100ms] [INFO] %cDownload the React DevTools for a better development experience: https://react.dev/link/react-devtools font-weight:bold @ http://localhost:3099/_next/static/chunks/node_modules_next_dist_1ybzpk2._.js:2477
[  132257ms] [LOG] [HMR] connected @ http://localhost:3099/_next/static/chunks/node_modules_next_dist_1ybzpk2._.js:2477
[  134162ms] [LOG] [Fast Refresh] rebuilding @ http://localhost:3099/_next/static/chunks/node_modules_next_dist_1ybzpk2._.js:2477
[  134429ms] [LOG] [Fast Refresh] done in 369ms @ http://localhost:3099/_next/static/chunks/node_modules_next_dist_1ybzpk2._.js:2477
[  134557ms] [LOG] [Fast Refresh] rebuilding @ http://localhost:3099/_next/static/chunks/node_modules_next_dist_1ybzpk2._.js:2477
[  135043ms] [LOG] [Fast Refresh] done in 591ms @ http://localhost:3099/_next/static/chunks/node_modules_next_dist_1ybzpk2._.js:2477
[  137109ms] [LOG] [Fast Refresh] rebuilding @ http://localhost:3099/_next/static/chunks/node_modules_next_dist_1ybzpk2._.js:2477
[  146310ms] [LOG] [Fast Refresh] done in 9303ms @ http://localhost:3099/_next/static/chunks/node_modules_next_dist_1ybzpk2._.js:2477
[  148874ms] [LOG] [Fast Refresh] rebuilding @ http://localhost:3099/_next/static/chunks/node_modules_next_dist_1ybzpk2._.js:2477
[  148879ms] [LOG] [Fast Refresh] done in 112ms @ http://localhost:3099/_next/static/chunks/node_modules_next_dist_1ybzpk2._.js:2477
[  155793ms] [LOG] [Fast Refresh] rebuilding @ http://localhost:3099/_next/static/chunks/node_modules_next_dist_1ybzpk2._.js:2477
[  156190ms] [LOG] [Fast Refresh] done in 498ms @ http://localhost:3099/_next/static/chunks/node_modules_next_dist_1ybzpk2._.js:2477
